2025-02-25 05:41:03,609 - _client.py:1025 - INFO - HTTP Request: POST https://api.siliconflow.cn/v1/chat/completions "HTTP/1.1 429 Too Many Requests"
2025-02-25 05:41:03,610 - _base_client.py:1099 - INFO - Retrying request to /chat/completions in 0.493318 seconds
2025-02-25 05:41:04,334 - _client.py:1025 - INFO - HTTP Request: POST https://api.siliconflow.cn/v1/chat/completions "HTTP/1.1 429 Too Many Requests"
2025-02-25 05:41:04,334 - _base_client.py:1099 - INFO - Retrying request to /chat/completions in 0.972596 seconds
2025-02-25 05:41:05,549 - _client.py:1025 - INFO - HTTP Request: POST https://api.siliconflow.cn/v1/chat/completions "HTTP/1.1 429 Too Many Requests"
2025-02-25 05:41:05,552 - receive_personal_message.py:51 - ERROR - Error occurred: Error code: 429 - {'message': 'Request was rejected due to rate limiting. Details: RPH limit reached.', 'data': None}
2025-02-25 05:41:05,565 - receive_personal_message.py:54 - INFO - 问题：
 123
2025-02-25 05:41:05,565 - receive_personal_message.py:55 - INFO - 回答：抱歉，我暂时无法理解您的问题。
2025-02-25 05:41:25,306 - _client.py:1025 - INFO - HTTP Request: POST https://api.siliconflow.cn/v1/chat/completions "HTTP/1.1 429 Too Many Requests"
2025-02-25 05:41:25,306 - _base_client.py:1099 - INFO - Retrying request to /chat/completions in 0.468912 seconds
2025-02-25 05:41:26,031 - _client.py:1025 - INFO - HTTP Request: POST https://api.siliconflow.cn/v1/chat/completions "HTTP/1.1 429 Too Many Requests"
2025-02-25 05:41:26,032 - _base_client.py:1099 - INFO - Retrying request to /chat/completions in 0.876198 seconds
2025-02-25 05:41:27,140 - _client.py:1025 - INFO - HTTP Request: POST https://api.siliconflow.cn/v1/chat/completions "HTTP/1.1 429 Too Many Requests"
2025-02-25 05:41:27,199 - receive_personal_message.py:51 - ERROR - Error occurred: Error code: 429 - {'message': 'Request was rejected due to rate limiting. Details: RPH limit reached.', 'data': None}
2025-02-25 05:41:27,201 - receive_personal_message.py:54 - INFO - 问题：
 123
2025-02-25 05:41:27,201 - receive_personal_message.py:55 - INFO - 回答：抱歉，我暂时无法理解您的问题。
2025-02-25 05:44:24,499 - receive_personal_message.py:54 - INFO - 问题：
 123
2025-02-25 05:44:24,499 - receive_personal_message.py:55 - INFO - 回答：
2025-02-25 05:47:50,273 - receive_personal_message.py:54 - INFO - 问题： 测试
2025-02-25 05:47:50,273 - receive_personal_message.py:55 - INFO - 回答：
2025-02-25 05:48:13,032 - receive_personal_message.py:54 - INFO - 问题： @help
2025-02-25 05:48:13,033 - receive_personal_message.py:55 - INFO - 回答：
2025-02-25 05:51:16,779 - receive_personal_message.py:54 - INFO - 问题： @help
2025-02-25 05:51:16,780 - receive_personal_message.py:55 - INFO - 回答：
2025-02-25 05:53:57,853 - receive_group_message.py:90 - ERROR - Error occurred: 'str' object has no attribute 'startwith'
2025-02-25 05:53:57,855 - receive_group_message.py:95 - INFO - 39292796878@chatroom问题：测试
2025-02-25 05:53:57,855 - receive_group_message.py:96 - INFO - 回答：抱歉,出现错误'str' object has no attribute 'startwith'。
2025-02-25 05:54:24,837 - receive_personal_message.py:54 - INFO - 问题：
 123
2025-02-25 05:54:24,837 - receive_personal_message.py:55 - INFO - 回答：
2025-02-25 05:55:47,242 - receive_group_message.py:90 - ERROR - Error occurred: 'str' object has no attribute 'startwith'
2025-02-25 05:55:47,243 - receive_group_message.py:95 - INFO - 39292796878@chatroom问题：测试
2025-02-25 05:55:47,243 - receive_group_message.py:96 - INFO - 回答：抱歉,出现错误'str' object has no attribute 'startwith'。
2025-02-25 05:57:17,287 - receive_group_message.py:73 - INFO - 39292796878@chatroom问题：测试
2025-02-25 05:57:17,287 - receive_group_message.py:91 - ERROR - Error occurred: 'str' object has no attribute 'startwith'
2025-02-25 05:57:17,289 - receive_group_message.py:96 - INFO - 回答：抱歉,出现错误'str' object has no attribute 'startwith'。
2025-02-25 05:57:55,641 - receive_group_message.py:73 - INFO - 39292796878@chatroom问题：@机器人 /星座 摩羯座
2025-02-25 05:57:55,641 - receive_group_message.py:91 - ERROR - Error occurred: 'str' object has no attribute 'startwith'
2025-02-25 05:57:55,643 - receive_group_message.py:96 - INFO - 回答：抱歉,出现错误'str' object has no attribute 'startwith'。
2025-02-25 06:34:21,833 - receive_group_message.py:73 - INFO - 39292796878@chatroom问题：@机器人 /星座 摩羯座
2025-02-25 06:34:21,833 - receive_group_message.py:91 - ERROR - Error occurred: 'str' object has no attribute 'startwith'
2025-02-25 06:34:21,834 - receive_group_message.py:96 - INFO - 回答：抱歉,出现错误'str' object has no attribute 'startwith'。
2025-02-25 06:35:29,067 - receive_group_message.py:73 - INFO - 39292796878@chatroom问题：@机器人 /星座 摩羯座
2025-02-25 06:35:29,067 - receive_group_message.py:62 - INFO - group_at_message:@机器人 /星座 摩羯座
2025-02-25 06:35:32,608 - receive_group_message.py:96 - INFO - 回答：今天的摩羯座运势分析如下：

在2025年2月25日，摩羯座的运势表现将会有一些起伏。今天你可能会感受到来自工作和家庭的双重压力，情绪可能会有些波动。面对挑战时，请保持冷静，灵活应对。和同事的沟通尤为重要，你的专业能力能够为团队带来实质性的帮助。在个人关系上，尽量避免争吵，保持理解和包容，将会使你的生活更加和谐。今天适合整理思绪，思考未来的计划，为自己设定清晰的目标。整体而言，保持积极的心态，你将能够迎接挑战并有所收获。
2025-02-25 06:35:53,997 - receive_group_message.py:73 - INFO - 39292796878@chatroom问题：@help
2025-02-25 06:35:53,998 - receive_group_message.py:96 - INFO - 回答：你可以发送以下命令：

@help：查看帮助信息
@clear：清除历史记录
@reset：重置对话
@exit：退出对话
@exitall：退出所有对话
@clearall：清除所有对话记录

2025-02-25 06:39:40,416 - receive_group_message.py:62 - INFO - group_at_message:@机器人 /星座 摩羯座
2025-02-25 06:39:54,903 - receive_group_message.py:73 - INFO - 39292796878@chatroom问题：@机器人 /星座 摩羯座
2025-02-25 06:39:54,903 - receive_group_message.py:62 - INFO - group_at_message:@机器人 /星座 摩羯座
2025-02-25 06:39:59,599 - receive_group_message.py:96 - INFO - 回答：今天的摩羯座运势分析如下：

今天对于摩羯座来说是一个积极向上的日子。在事业方面，你会发现自己充满了干劲，特别是在处理工作难题时，能够展现出超凡的洞察力和解决问题的能力。同事和上级会注意到你的努力，可能会给你带来一些意想不到的机会。

在感情方面，摩羯座的人可能会与伴侣有更深入的交流，今天是表达心意的好时机。单身的朋友也许会遇到有趣的新朋友，不妨主动出击，展现真实的自己。

健康方面，建议保持均衡的饮食，适度的锻炼能帮助你保持精力充沛，尤其是在需要应对工作压力的时候。

总的来说，今天是摩羯座展现自身能力的良好时机，调整心态，稳步前行，你会收获意想不到的成果。
2025-02-25 08:30:03,505 - receive_group_message.py:73 - INFO - None问题：{'TypeName': 'AddMsg', 'Appid': 'wx_z1C2XWFOi00Cb49yMxYp9', 'Data': {'MsgId': 580470092, 'FromUserName': {'string': '39292796878@chatroom'}, 'ToUserName': {'string': 'wxid_z60sn93h78so22'}, 'MsgType': 1, 'Content': {'string': 'cml1363992060:\n@机器人\u2005/星座 摩羯座'}, 'Status': 3, 'ImgStatus': 1, 'ImgBuf': {'iLen': 0}, 'CreateTime': 1740031769, 'MsgSource': '<msgsource>\n\t<alnode>\n\t\t<cf>2</cf>\n\t</alnode>\n\t<pua>1</pua>\n\t<silence>0</silence>\n\t<membercount>2</membercount>\n\t<signature>V1_gYkIex7Y|v1_gYkIex7Y</signature>\n\t<tmp_node>\n\t\t<publisher-id></publisher-id>\n\t</tmp_node>\n</msgsource>\n', 'PushContent': '林木 : /AI 开启', 'NewMsgId': 974173506991559662, 'MsgSeq': 852987823}, 'Wxid': 'wxid_z60sn93h78so22'}
2025-02-25 08:30:03,506 - receive_group_message.py:93 - ERROR - Error occurred: 'dict' object has no attribute 'startswith'
2025-02-25 08:30:03,506 - db.py:64 - ERROR - 保存回答到数据库失败NOT NULL constraint failed: answer_queue_personal.wx_id
Traceback (most recent call last):
  File "/workspace/gewechat-python/gewechat_client/util/db.py", line 61, in save_answer
    self.cursor.execute("INSERT INTO answer_queue_personal (wx_id, message) VALUES (?, ?)", (wx_id, message))
sqlite3.IntegrityError: NOT NULL constraint failed: answer_queue_personal.wx_id
2025-02-25 08:30:03,507 - receive_group_message.py:98 - INFO - 回答：抱歉,出现错误'dict' object has no attribute 'startswith'。
2025-02-25 08:30:43,305 - receive_group_message.py:73 - INFO - None问题：{'TypeName': 'AddMsg', 'Appid': 'wx_z1C2XWFOi00Cb49yMxYp9', 'Data': {'MsgId': 580470092, 'FromUserName': {'string': '39292796878@chatroom'}, 'ToUserName': {'string': 'wxid_z60sn93h78so22'}, 'MsgType': 1, 'Content': {'string': 'cml1363992060:\n@机器人\u2005/星座 摩羯座'}, 'Status': 3, 'ImgStatus': 1, 'ImgBuf': {'iLen': 0}, 'CreateTime': 1740031769, 'MsgSource': '<msgsource>\n\t<alnode>\n\t\t<cf>2</cf>\n\t</alnode>\n\t<pua>1</pua>\n\t<silence>0</silence>\n\t<membercount>2</membercount>\n\t<signature>V1_gYkIex7Y|v1_gYkIex7Y</signature>\n\t<tmp_node>\n\t\t<publisher-id></publisher-id>\n\t</tmp_node>\n</msgsource>\n', 'PushContent': '林木 : /AI 开启', 'NewMsgId': 974173506991559662, 'MsgSeq': 852987823}, 'Wxid': 'wxid_z60sn93h78so22'}
2025-02-25 08:30:43,305 - receive_group_message.py:93 - ERROR - Error occurred: 'dict' object has no attribute 'startswith'
2025-02-25 08:30:43,305 - db.py:64 - ERROR - 保存回答到数据库失败NOT NULL constraint failed: answer_queue_personal.wx_id
Traceback (most recent call last):
  File "/workspace/gewechat-python/gewechat_client/util/db.py", line 61, in save_answer
    self.cursor.execute("INSERT INTO answer_queue_personal (wx_id, message) VALUES (?, ?)", (wx_id, message))
sqlite3.IntegrityError: NOT NULL constraint failed: answer_queue_personal.wx_id
2025-02-25 08:30:43,306 - receive_group_message.py:98 - INFO - 回答：抱歉,出现错误'dict' object has no attribute 'startswith'。
2025-02-25 08:32:11,966 - receive_group_message.py:73 - INFO - None问题：{'TypeName': 'AddMsg', 'Appid': 'wx_z1C2XWFOi00Cb49yMxYp9', 'Data': {'MsgId': 580470092, 'FromUserName': {'string': '39292796878@chatroom'}, 'ToUserName': {'string': 'wxid_z60sn93h78so22'}, 'MsgType': 1, 'Content': {'string': 'cml1363992060:\n@机器人\u2005/星座 摩羯座'}, 'Status': 3, 'ImgStatus': 1, 'ImgBuf': {'iLen': 0}, 'CreateTime': 1740031769, 'MsgSource': '<msgsource>\n\t<alnode>\n\t\t<cf>2</cf>\n\t</alnode>\n\t<pua>1</pua>\n\t<silence>0</silence>\n\t<membercount>2</membercount>\n\t<signature>V1_gYkIex7Y|v1_gYkIex7Y</signature>\n\t<tmp_node>\n\t\t<publisher-id></publisher-id>\n\t</tmp_node>\n</msgsource>\n', 'PushContent': '林木 : /AI 开启', 'NewMsgId': 974173506991559662, 'MsgSeq': 852987823}, 'Wxid': 'wxid_z60sn93h78so22'}
2025-02-25 08:32:11,966 - receive_group_message.py:93 - ERROR - Error occurred: 'dict' object has no attribute 'startswith'
2025-02-25 08:32:11,966 - db.py:64 - ERROR - 保存回答到数据库失败NOT NULL constraint failed: answer_queue_personal.wx_id
Traceback (most recent call last):
  File "/workspace/gewechat-python/gewechat_client/util/db.py", line 61, in save_answer
    self.cursor.execute("INSERT INTO answer_queue_personal (wx_id, message) VALUES (?, ?)", (wx_id, message))
sqlite3.IntegrityError: NOT NULL constraint failed: answer_queue_personal.wx_id
2025-02-25 08:32:11,967 - receive_group_message.py:99 - INFO - 回答：抱歉,出现错误'dict' object has no attribute 'startswith'。
2025-02-25 08:34:30,618 - receive_group_message.py:73 - INFO - 39292796878@chatroom问题：@机器人 /星座 摩羯座
2025-02-25 08:34:30,619 - receive_group_message.py:62 - INFO - group_at_message:@机器人 /星座 摩羯座
2025-02-25 08:34:35,118 - receive_group_message.py:99 - INFO - 回答：今天的摩羯座运势分析如下：

今天的摩羯座将会感受到一种内心的坚定与动力，非常适合采取行动，尤其是在职业和事业上。如果你有新计划或项目，现在是时候付诸实践。尽量保持专注，不要被外界的干扰所影响。

在情感方面，单身的摩羯可能会遇到有趣的人物，务必抓住这个机会，展示你的魅力。对于有伴侣的摩羯，沟通将是今天的关键，坦诚地交流感受将增进彼此的理解和信任。

财务状况方面，今天适合进行一些理财规划，但不宜投资高风险的项目，避免因冲动而造成财务压力。

健康方面，保持适量的运动和充足的休息是很重要的，适当的放松会让你更有活力去应对一天的挑战。总的来说，今天是一个行动力满满、充满机会的日子，积极面对你的每一个选择！
2025-02-25 08:35:01,136 - receive_group_message.py:73 - INFO - 39292796878@chatroom问题：/AI 开启
2025-02-25 08:45:28,560 - receive_group_message.py:74 - INFO - 39292796878@chatroom问题：@机器人 /星座 摩羯座
2025-02-25 08:45:28,560 - receive_group_message.py:63 - INFO - group_at_message:@机器人 /星座 摩羯座
2025-02-25 08:45:33,957 - receive_group_message.py:105 - INFO - 回答：今天的摩羯座运势分析如下：

今天的摩羯座在工作与事业方面会感到很大的动力，能够高效地完成任务，展现出出色的执行力。你的努力和专注可能会为你赢得同事和上司的认可，甚至可能会有晋升的机会。人际关系上，虽然有些小摩擦，但只要你保持理智，适时展现出你的包容力，关系会逐步改善。

感情方面，单身的摩羯有机会遇到心仪对象，建议主动出击。而对于已婚或恋爱的摩羯，今天适合与伴侣进行深入的交流，增强彼此的理解与信任。

在财务上，今天对摩羯来说是个审慎的日子，要注意花销，避免冲动购买，保证资金的合理流动。健康方面，适当的运动和均衡的饮食将会为你的身心带来积极的影响。

总体而言，今天是个充满机遇与挑战的一天，合理规划与积极面对将有助于你取得好的结果。
2025-02-25 08:45:35,968 - receive_group_message.py:74 - INFO - 39292796878@chatroom问题：/开启 AI
2025-02-25 08:45:35,968 - receive_group_message.py:99 - ERROR - Error occurred: list indices must be integers or slices, not str
2025-02-25 08:45:35,970 - receive_group_message.py:105 - INFO - 回答：抱歉,出现错误list indices must be integers or slices, not str。
2025-02-25 08:46:06,453 - receive_group_message.py:74 - INFO - 39292796878@chatroom问题：/开启 AI
2025-02-25 08:46:06,453 - receive_group_message.py:99 - ERROR - Error occurred: list indices must be integers or slices, not str
2025-02-25 08:46:06,454 - receive_group_message.py:105 - INFO - 回答：抱歉,出现错误list indices must be integers or slices, not str。
2025-02-25 08:47:00,960 - receive_group_message.py:74 - INFO - 39292796878@chatroom问题：/开启 AI
2025-02-25 08:47:00,960 - receive_group_message.py:96 - ERROR - Error occurred: list indices must be integers or slices, not str
2025-02-25 08:47:00,961 - receive_group_message.py:102 - INFO - 回答：抱歉,出现错误list indices must be integers or slices, not str。
2025-02-25 08:50:28,990 - receive_group_message.py:74 - INFO - 39292796878@chatroom问题：/开启 AI
2025-02-25 08:50:28,991 - receive_group_message.py:96 - ERROR - Error occurred: '39292796878@chatroom'
2025-02-25 08:50:28,993 - receive_group_message.py:102 - INFO - 回答：抱歉,出现错误'39292796878@chatroom'。
2025-02-25 08:50:41,445 - receive_group_message.py:74 - INFO - 39292796878@chatroom问题：/开启 AI
2025-02-25 08:50:41,445 - receive_group_message.py:96 - ERROR - Error occurred: '39292796878@chatroom'
2025-02-25 08:50:41,447 - receive_group_message.py:102 - INFO - 回答：抱歉,出现错误'39292796878@chatroom'。
2025-02-25 09:12:13,012 - receive_group_message.py:74 - INFO - 39292796878@chatroom问题：/开启 AI
2025-02-25 09:12:13,013 - receive_group_message.py:105 - ERROR - Error occurred: list indices must be integers or slices, not str
2025-02-25 09:12:13,014 - receive_group_message.py:111 - INFO - 回答：抱歉,出现错误list indices must be integers or slices, not str。
2025-02-25 09:13:25,091 - receive_group_message.py:74 - INFO - 39292796878@chatroom问题：/开启 AI
2025-02-25 09:13:25,091 - receive_group_message.py:105 - ERROR - Error occurred: list indices must be integers or slices, not str
2025-02-25 09:13:25,093 - receive_group_message.py:111 - INFO - 回答：抱歉,出现错误list indices must be integers or slices, not str。
2025-02-25 09:15:31,754 - receive_group_message.py:74 - INFO - 39292796878@chatroom问题：/开启 AI
2025-02-25 09:15:31,755 - receive_group_message.py:105 - ERROR - Error occurred: list indices must be integers or slices, not str
2025-02-25 09:15:31,756 - receive_group_message.py:111 - INFO - 回答：抱歉,出现错误list indices must be integers or slices, not str。
2025-02-25 09:17:28,495 - receive_group_message.py:74 - INFO - 39292796878@chatroom问题：/开启 AI
2025-02-25 09:21:28,209 - receive_group_message.py:74 - INFO - 39292796878@chatroom问题：/开启 AI
2025-02-25 09:23:10,490 - receive_group_message.py:74 - INFO - 39292796878@chatroom问题：/开启 AI
2025-02-25 09:23:10,492 - receive_group_message.py:112 - INFO - 回答：开启AI成功
2025-02-25 09:23:35,042 - receive_group_message.py:74 - INFO - 39292796878@chatroom问题：/关闭
2025-02-25 09:23:35,044 - receive_group_message.py:113 - INFO - 回答：关闭成功
2025-02-25 09:23:36,486 - receive_group_message.py:74 - INFO - 39292796878@chatroom问题：/关闭
2025-02-25 09:23:36,488 - receive_group_message.py:113 - INFO - 回答：关闭成功
2025-02-25 09:23:37,764 - receive_group_message.py:74 - INFO - 39292796878@chatroom问题：/关闭
2025-02-25 09:23:37,765 - receive_group_message.py:113 - INFO - 回答：关闭成功
2025-02-25 09:23:47,798 - receive_group_message.py:74 - INFO - 39292796878@chatroom问题：/关闭
2025-02-25 09:23:47,800 - receive_group_message.py:113 - INFO - 回答：关闭成功
2025-02-25 09:31:20,233 - receive_group_message.py:74 - INFO - wxid_z60sn93h78so22问题：/开启 AI
2025-02-25 09:31:20,239 - receive_group_message.py:113 - INFO - 回答：开启AI成功
2025-02-25 09:31:20,239 - receive_group_message.py:74 - INFO - wxid_z60sn93h78so22问题：你好
2025-02-25 09:31:21,406 - _client.py:1025 - INFO - HTTP Request: POST https://api.siliconflow.cn/v1/chat/completions "HTTP/1.1 429 Too Many Requests"
2025-02-25 09:31:21,407 - _base_client.py:1099 - INFO - Retrying request to /chat/completions in 0.426692 seconds
2025-02-25 09:31:21,991 - _client.py:1025 - INFO - HTTP Request: POST https://api.siliconflow.cn/v1/chat/completions "HTTP/1.1 429 Too Many Requests"
2025-02-25 09:31:21,992 - _base_client.py:1099 - INFO - Retrying request to /chat/completions in 0.867991 seconds
2025-02-25 09:31:23,052 - _client.py:1025 - INFO - HTTP Request: POST https://api.siliconflow.cn/v1/chat/completions "HTTP/1.1 429 Too Many Requests"
2025-02-25 09:31:23,099 - ai.py:58 - ERROR - Error in get_response_with_history: Error code: 429 - {'message': 'Request was rejected due to rate limiting. Details: RPH limit reached.', 'data': None}
2025-02-25 09:31:23,100 - db.py:64 - ERROR - 保存回答到数据库失败NOT NULL constraint failed: answer_queue_personal.message
Traceback (most recent call last):
  File "/workspace/gewechat-python/gewechat_client/util/db.py", line 61, in save_answer
    self.cursor.execute("INSERT INTO answer_queue_personal (wx_id, message) VALUES (?, ?)", (wx_id, message))
sqlite3.IntegrityError: NOT NULL constraint failed: answer_queue_personal.message
2025-02-25 09:31:23,100 - receive_group_message.py:113 - INFO - 回答：None
2025-02-25 09:32:54,428 - receive_group_message.py:74 - INFO - wxid_z60sn93h78so22问题：/开启 AI
2025-02-25 09:32:54,430 - receive_group_message.py:113 - INFO - 回答：开启AI成功
2025-02-25 09:32:54,430 - receive_group_message.py:74 - INFO - wxid_z60sn93h78so22问题：你好
2025-02-25 09:32:56,037 - _client.py:1025 - INFO - HTTP Request: POST https://api.siliconflow.cn/v1/chat/completions "HTTP/1.1 429 Too Many Requests"
2025-02-25 09:32:56,037 - _base_client.py:1099 - INFO - Retrying request to /chat/completions in 0.462308 seconds
2025-02-25 09:32:56,671 - _client.py:1025 - INFO - HTTP Request: POST https://api.siliconflow.cn/v1/chat/completions "HTTP/1.1 429 Too Many Requests"
2025-02-25 09:32:56,671 - _base_client.py:1099 - INFO - Retrying request to /chat/completions in 0.751022 seconds
2025-02-25 09:32:57,596 - _client.py:1025 - INFO - HTTP Request: POST https://api.siliconflow.cn/v1/chat/completions "HTTP/1.1 429 Too Many Requests"
2025-02-25 09:32:57,598 - ai.py:58 - ERROR - Error in get_response_with_history: Error code: 429 - {'message': 'Request was rejected due to rate limiting. Details: RPH limit reached.', 'data': None}
2025-02-25 09:32:57,598 - db.py:64 - ERROR - 保存回答到数据库失败NOT NULL constraint failed: answer_queue_personal.message
Traceback (most recent call last):
  File "/workspace/gewechat-python/gewechat_client/util/db.py", line 61, in save_answer
    self.cursor.execute("INSERT INTO answer_queue_personal (wx_id, message) VALUES (?, ?)", (wx_id, message))
sqlite3.IntegrityError: NOT NULL constraint failed: answer_queue_personal.message
2025-02-25 09:32:57,599 - receive_group_message.py:113 - INFO - 回答：None
2025-02-25 09:34:10,092 - receive_group_message.py:74 - INFO - wxid_z60sn93h78so22问题：/开启 AI
2025-02-25 09:34:24,982 - receive_group_message.py:112 - INFO - 回答：开启AI成功
2025-02-25 09:34:24,982 - receive_group_message.py:74 - INFO - wxid_z60sn93h78so22问题：你好
2025-02-25 09:34:34,074 - _client.py:1025 - INFO - HTTP Request: POST https://api.siliconflow.cn/v1/chat/completions "HTTP/1.1 429 Too Many Requests"
2025-02-25 09:34:34,078 - _base_client.py:1099 - INFO - Retrying request to /chat/completions in 0.432891 seconds
2025-02-25 09:34:34,675 - _client.py:1025 - INFO - HTTP Request: POST https://api.siliconflow.cn/v1/chat/completions "HTTP/1.1 429 Too Many Requests"
2025-02-25 09:34:34,676 - _base_client.py:1099 - INFO - Retrying request to /chat/completions in 0.782632 seconds
2025-02-25 09:34:35,621 - _client.py:1025 - INFO - HTTP Request: POST https://api.siliconflow.cn/v1/chat/completions "HTTP/1.1 429 Too Many Requests"
2025-02-25 09:34:35,630 - ai.py:58 - ERROR - Error in get_response_with_history: Error code: 429 - {'message': 'Request was rejected due to rate limiting. Details: RPH limit reached.', 'data': None}
2025-02-25 09:34:58,566 - receive_group_message.py:74 - INFO - wxid_z60sn93h78so22问题：/开启 AI
2025-02-25 09:34:58,570 - receive_group_message.py:112 - INFO - 回答：开启AI成功
2025-02-25 09:34:58,570 - receive_group_message.py:74 - INFO - wxid_z60sn93h78so22问题：你好
2025-02-25 09:34:59,487 - _client.py:1025 - INFO - HTTP Request: POST https://api.siliconflow.cn/v1/chat/completions "HTTP/1.1 429 Too Many Requests"
2025-02-25 09:34:59,488 - _base_client.py:1099 - INFO - Retrying request to /chat/completions in 0.468949 seconds
2025-02-25 09:35:00,121 - _client.py:1025 - INFO - HTTP Request: POST https://api.siliconflow.cn/v1/chat/completions "HTTP/1.1 429 Too Many Requests"
2025-02-25 09:35:00,122 - _base_client.py:1099 - INFO - Retrying request to /chat/completions in 0.974516 seconds
2025-02-25 09:35:01,264 - _client.py:1025 - INFO - HTTP Request: POST https://api.siliconflow.cn/v1/chat/completions "HTTP/1.1 429 Too Many Requests"
2025-02-25 09:35:01,266 - ai.py:58 - ERROR - Error in get_response_with_history: Error code: 429 - {'message': 'Request was rejected due to rate limiting. Details: RPH limit reached.', 'data': None}
2025-02-25 09:35:01,266 - db.py:64 - ERROR - 保存回答到数据库失败NOT NULL constraint failed: answer_queue_personal.message
Traceback (most recent call last):
  File "/workspace/gewechat-python/gewechat_client/util/db.py", line 61, in save_answer
    self.cursor.execute("INSERT INTO answer_queue_personal (wx_id, message) VALUES (?, ?)", (wx_id, message))
sqlite3.IntegrityError: NOT NULL constraint failed: answer_queue_personal.message
2025-02-25 09:35:01,266 - receive_group_message.py:112 - INFO - 回答：None
2025-02-25 09:35:19,467 - receive_group_message.py:74 - INFO - wxid_z60sn93h78so22问题：/开启 AI
2025-02-25 09:35:25,417 - receive_group_message.py:112 - INFO - 回答：开启AI成功
2025-02-25 09:35:25,418 - receive_group_message.py:74 - INFO - wxid_z60sn93h78so22问题：你好
2025-02-25 09:37:30,956 - _client.py:1025 - INFO - HTTP Request: POST https://api.siliconflow.cn/v1/chat/completions "HTTP/1.1 429 Too Many Requests"
2025-02-25 09:37:30,960 - _base_client.py:1099 - INFO - Retrying request to /chat/completions in 0.441712 seconds
2025-02-25 09:37:31,576 - _client.py:1025 - INFO - HTTP Request: POST https://api.siliconflow.cn/v1/chat/completions "HTTP/1.1 429 Too Many Requests"
2025-02-25 09:37:31,578 - _base_client.py:1099 - INFO - Retrying request to /chat/completions in 0.777851 seconds
2025-02-25 09:37:32,531 - _client.py:1025 - INFO - HTTP Request: POST https://api.siliconflow.cn/v1/chat/completions "HTTP/1.1 429 Too Many Requests"
2025-02-25 09:38:24,244 - receive_group_message.py:74 - INFO - wxid_z60sn93h78so22问题：/开启 AI
2025-02-25 09:38:24,246 - receive_group_message.py:112 - INFO - 回答：开启AI成功
2025-02-25 09:38:24,246 - receive_group_message.py:74 - INFO - wxid_z60sn93h78so22问题：你好
2025-02-25 09:38:25,279 - _client.py:1025 - INFO - HTTP Request: POST https://api.siliconflow.cn/v1/chat/completions "HTTP/1.1 429 Too Many Requests"
2025-02-25 09:38:25,279 - _base_client.py:1099 - INFO - Retrying request to /chat/completions in 0.376878 seconds
2025-02-25 09:38:25,823 - _client.py:1025 - INFO - HTTP Request: POST https://api.siliconflow.cn/v1/chat/completions "HTTP/1.1 429 Too Many Requests"
2025-02-25 09:38:25,824 - _base_client.py:1099 - INFO - Retrying request to /chat/completions in 0.973997 seconds
2025-02-25 09:38:26,970 - _client.py:1025 - INFO - HTTP Request: POST https://api.siliconflow.cn/v1/chat/completions "HTTP/1.1 429 Too Many Requests"
2025-02-25 09:38:26,972 - ai.py:58 - ERROR - Error in get_response_with_history: Error code: 429 - {'message': 'Request was rejected due to rate limiting. Details: RPH limit reached.', 'data': None}
2025-02-25 09:38:26,972 - db.py:64 - ERROR - 保存回答到数据库失败NOT NULL constraint failed: answer_queue_personal.message
Traceback (most recent call last):
  File "/workspace/gewechat-python/gewechat_client/util/db.py", line 61, in save_answer
    self.cursor.execute("INSERT INTO answer_queue_personal (wx_id, message) VALUES (?, ?)", (wx_id, message))
sqlite3.IntegrityError: NOT NULL constraint failed: answer_queue_personal.message
2025-02-25 09:38:26,973 - receive_group_message.py:112 - INFO - 回答：None
2025-02-25 09:38:42,211 - receive_group_message.py:74 - INFO - wxid_z60sn93h78so22问题：/开启 AI
2025-02-25 09:38:42,213 - receive_group_message.py:112 - INFO - 回答：开启AI成功
2025-02-25 09:38:42,213 - receive_group_message.py:74 - INFO - wxid_z60sn93h78so22问题：你好
2025-02-25 09:38:44,054 - _client.py:1025 - INFO - HTTP Request: POST https://api.siliconflow.cn/v1/chat/completions "HTTP/1.1 429 Too Many Requests"
2025-02-25 09:38:44,055 - _base_client.py:1099 - INFO - Retrying request to /chat/completions in 0.465473 seconds
2025-02-25 09:38:44,679 - _client.py:1025 - INFO - HTTP Request: POST https://api.siliconflow.cn/v1/chat/completions "HTTP/1.1 429 Too Many Requests"
2025-02-25 09:38:44,680 - _base_client.py:1099 - INFO - Retrying request to /chat/completions in 0.867830 seconds
2025-02-25 09:38:45,705 - _client.py:1025 - INFO - HTTP Request: POST https://api.siliconflow.cn/v1/chat/completions "HTTP/1.1 429 Too Many Requests"
2025-02-25 09:38:45,707 - ai.py:58 - ERROR - Error in get_response_with_history: Error code: 429 - {'message': 'Request was rejected due to rate limiting. Details: RPH limit reached.', 'data': None}
2025-02-25 09:38:45,707 - db.py:64 - ERROR - 保存回答到数据库失败NOT NULL constraint failed: answer_queue_personal.message
Traceback (most recent call last):
  File "/workspace/gewechat-python/gewechat_client/util/db.py", line 61, in save_answer
    self.cursor.execute("INSERT INTO answer_queue_personal (wx_id, message) VALUES (?, ?)", (wx_id, message))
sqlite3.IntegrityError: NOT NULL constraint failed: answer_queue_personal.message
2025-02-25 09:38:45,708 - receive_group_message.py:112 - INFO - 回答：None
2025-02-25 09:41:05,882 - receive_group_message.py:74 - INFO - wxid_z60sn93h78so22问题：/开启 AI
2025-02-25 09:41:05,884 - receive_group_message.py:112 - INFO - 回答：开启AI成功
2025-02-25 09:41:05,884 - receive_group_message.py:74 - INFO - wxid_z60sn93h78so22问题：你好
2025-02-25 09:41:06,831 - _client.py:1025 - INFO - HTTP Request: POST https://api.siliconflow.cn/v1/chat/completions "HTTP/1.1 400 Bad Request"
2025-02-25 09:41:06,833 - ai.py:58 - ERROR - Error in get_response_with_history: Error code: 400 - {'code': 20012, 'message': 'Model does not exist. Please check it carefully.', 'data': None}
2025-02-25 09:41:06,834 - db.py:64 - ERROR - 保存回答到数据库失败NOT NULL constraint failed: answer_queue_personal.message
Traceback (most recent call last):
  File "/workspace/gewechat-python/gewechat_client/util/db.py", line 61, in save_answer
    self.cursor.execute("INSERT INTO answer_queue_personal (wx_id, message) VALUES (?, ?)", (wx_id, message))
sqlite3.IntegrityError: NOT NULL constraint failed: answer_queue_personal.message
2025-02-25 09:41:06,834 - receive_group_message.py:112 - INFO - 回答：None
2025-02-25 09:42:52,326 - receive_group_message.py:74 - INFO - wxid_z60sn93h78so22问题：/开启 AI
2025-02-25 09:42:52,328 - receive_group_message.py:112 - INFO - 回答：开启AI成功
2025-02-25 09:42:52,328 - receive_group_message.py:74 - INFO - wxid_z60sn93h78so22问题：你好
2025-02-25 09:42:53,468 - _client.py:1025 - INFO - HTTP Request: POST https://api.siliconflow.cn/v1/chat/completions "HTTP/1.1 200 OK"
2025-02-25 09:42:53,475 - receive_group_message.py:112 - INFO - 回答：你好👋，有什么我可以帮助你的吗？
2025-02-25 09:43:09,803 - receive_group_message.py:74 - INFO - wxid_z60sn93h78so22问题：/开启 AI
2025-02-25 09:43:09,806 - receive_group_message.py:112 - INFO - 回答：开启AI成功
2025-02-25 09:43:09,806 - receive_group_message.py:74 - INFO - wxid_z60sn93h78so22问题：你好
2025-02-25 09:43:11,029 - _client.py:1025 - INFO - HTTP Request: POST https://api.siliconflow.cn/v1/chat/completions "HTTP/1.1 200 OK"
2025-02-25 09:43:11,036 - receive_group_message.py:112 - INFO - 回答：你好👋，很高兴能帮助你解答问题。有什么可以为你服务的吗？
